<html>
<body>
<pre>
<h1>µVision Build Log</h1>
<h2>Tool Versions:</h2>
IDE-Version: ¦ÌVision V5.14.0.0
Copyright (C) 2015 ARM Ltd and ARM Germany GmbH. All rights reserved.
License Information: 11 11, 11, LIC=P6FWF-6A63G-PFXIX-HMSRH-YKSDD-KJBK4
 
Tool Versions:
Toolchain:       MDK-ARM Professional  Version: 5.14.0.0
Toolchain Path:  C:\Keil_v5\ARM\ARMCC\Bin
C Compiler:      Armcc.exe V5.05 update 1 (build 106)
Assembler:       Armasm.exe V5.05 update 1 (build 106)
Linker/Locator:  ArmLink.exe V5.05 update 1 (build 106)
Library Manager: ArmAr.exe V5.05 update 1 (build 106)
Hex Converter:   FromElf.exe V5.05 update 1 (build 106)
CPU DLL:         SARMCM3.DLL V5.14.0.0
Dialog DLL:      DCM.DLL V1.13.1.0
Target DLL:      STLink\ST-LINKIII-KEIL_SWO.dll V2.0.14.0_KEIL
Dialog DLL:      TCM.DLL V1.14.4.0
 
<h2>Project:</h2>
E:\yevs\hdd\rx\software\v4.2\STM32F4xx_DSP_StdPeriph_Lib_V1.8.0\Project\STM32F4xx_StdPeriph_Templates\MDK-ARM\Project.uvprojx
Project File Date:  04/19/2018

<h2>Output:</h2>
Build target 'STM32F411xE'
compiling main.c...
../main.c(282): warning:  #128-D: loop is not reachable
    while (1)
../main.c(510): warning:  #177-D: variable "NVIC_InitStruct" was declared but never referenced
    NVIC_InitTypeDef NVIC_InitStruct;
../main.c(744): warning:  #177-D: variable "val" was declared but never referenced
        float32_t val;
../main.c(622): warning:  #177-D: function "Delay" was declared but never referenced
  void Delay(__IO uint32_t nTime)
../main.c(348): warning:  #177-D: function "DMAADC_Config" was declared but never referenced
  static void DMAADC_Config(void)
../main.c: 5 warnings, 0 errors
linking...
Program Size: Code=11392 RO-data=24624 RW-data=132 ZI-data=42188  
FromELF: creating hex file...
"STM32F411xE\hddrxv3.0" - 0 Error(s), 5 Warning(s).

<h2>Software Packages used:</h2>

Package Vendor: ARM
                http://www.keil.com/pack/ARM.CMSIS.4.2.0.pack
                ARM::CMSIS:CORE:3.40.0
                CMSIS (Cortex Microcontroller Software Interface Standard)
   * Component: CORE Version: 3.40.0

<h2>Collection of Component include folders:</h2>
  E:\yevs\hdd\rx\software\v4.2\STM32F4xx_DSP_StdPeriph_Lib_V1.8.0\Project\STM32F4xx_StdPeriph_Templates\MDK-ARM\RTE
  C:\Keil_v5\ARM\PACK\ARM\CMSIS\4.2.0\CMSIS\Include
  C:\Keil_v5\ARM\PACK\Keil\STM32F4xx_DFP\2.11.0

<h2>Collection of Component Files used:</h2>

   * Component: ARM::CMSIS:CORE:3.40.0
      Source file:   CMSIS\UserCodeTemplates\ARM\ITM_Retarget.c
</pre>
</body>
</html>
